# GNU ld version script, for linux
# Gets rid of all non-prefixed non-C++ global symbols. They cause problem if
# VirtualBox drags in the system-provided nspr library or some other code from
# the Mozilla project. VirtualBox shouldn't pollute the namespace.

#
# Copyright (C) 2008-2023 Oracle and/or its affiliates.
#
# This file is part of VirtualBox base platform packages, as
# available from https://www.virtualbox.org.
#
# This program is free software; you can redistribute it and/or
# modify it under the terms of the GNU General Public License
# as published by the Free Software Foundation, in version 3 of the
# License.
#
# This program is distributed in the hope that it will be useful, but
# WITHOUT ANY WARRANTY; without even the implied warranty of
# MERCHANTABILITY or FITNESS FOR A PARTICULAR PURPOSE.  See the GNU
# General Public License for more details.
#
# You should have received a copy of the GNU General Public License
# along with this program; if not, see <https://www.gnu.org/licenses>.
#
# SPDX-License-Identifier: GPL-3.0-only
#

{
    global:
        _Z*; VBoxNs*;
        __bss_start; _edata; _end; _fini; _init;
    local:
        *;
};
